[schemas.opengis.net/sensorML/index.html]
[backblue.gif]
[fade.gif]
[index.html]
[schemas.opengis.net/icons/blank.gif]
[schemas.opengis.net/icons/back.gif]
[schemas.opengis.net/sensorML/indexc052.html]
[schemas.opengis.net/sensorML/indexf8a0.html]
[schemas.opengis.net/sensorML/indexbfec.html]
[schemas.opengis.net/sensorML/index30b5.html]
[schemas.opengis.net/icons/folder.gif]
[schemas.opengis.net/icons/text.gif]
[schemas.opengis.net/sensorML/1.0.0/index.html]
[schemas.opengis.net/sensorML/1.0.1/index.html]
[schemas.opengis.net/sensorML/2.0/index.html]
[schemas.opengis.net/sensorML/ReadMe.txt]
[schemas.opengis.net/icons/compressed.gif]
[schemas.opengis.net/sensorML/sensorML-1_0_0.zip]
[schemas.opengis.net/sensorML/sensorML-1_0_1.zip]
[schemas.opengis.net/sensorML/sensorML-2_0_0.zip]
[schemas.opengis.net/sensorML/index.html]
[schemas.opengis.net/sensorML/indexc052.html]
[schemas.opengis.net/sensorML/indexb70a.html]
[schemas.opengis.net/sensorML/indexf8a0.html]
[schemas.opengis.net/sensorML/index72c9.html]
[schemas.opengis.net/sensorML/indexbfec.html]
[schemas.opengis.net/sensorML/index5851.html]
[schemas.opengis.net/sensorML/index30b5.html]
[schemas.opengis.net/sensorML/indexad3f.html]
[schemas.opengis.net/sensorML/1.0.0/indexc052.html]
[schemas.opengis.net/sensorML/1.0.0/ChangeLog.txt]
[schemas.opengis.net/sensorML/1.0.0/indexf8a0.html]
[schemas.opengis.net/sensorML/1.0.0/indexbfec.html]
[schemas.opengis.net/sensorML/1.0.0/index30b5.html]
[schemas.opengis.net/icons/unknown.gif]
[schemas.opengis.net/sensorML/1.0.0/base.xsd]
[schemas.opengis.net/sensorML/1.0.0/method.xsd]
[schemas.opengis.net/sensorML/1.0.0/process.xsd]
[schemas.opengis.net/sensorML/1.0.0/sensorML.xsd]
[schemas.opengis.net/sensorML/1.0.0/system.xsd]
[schemas.opengis.net/sensorML/1.0.0/index.html]
[schemas.opengis.net/sensorML/1.0.1/ChangeLog.txt]
[schemas.opengis.net/sensorML/1.0.1/indexbfec.html]
[schemas.opengis.net/sensorML/1.0.1/indexc052.html]
[schemas.opengis.net/sensorML/1.0.1/indexf8a0.html]
[schemas.opengis.net/sensorML/1.0.1/base.xsd]
[schemas.opengis.net/sensorML/1.0.1/index30b5.html]
[schemas.opengis.net/sensorML/1.0.1/method.xsd]
[schemas.opengis.net/sensorML/1.0.1/process.xsd]
[schemas.opengis.net/sensorML/1.0.1/sensorML.xsd]
[schemas.opengis.net/sensorML/1.0.1/system.xsd]
[schemas.opengis.net/sensorML/1.0.1/index.html]
[schemas.opengis.net/sensorML/2.0/indexc052.html]
[schemas.opengis.net/sensorML/2.0/indexf8a0.html]
[schemas.opengis.net/sensorML/2.0/indexbfec.html]
[schemas.opengis.net/sensorML/2.0/index30b5.html]
[schemas.opengis.net/sensorML/2.0/aggregate_process.xsd]
[schemas.opengis.net/sensorML/2.0/configuration.xsd]
[schemas.opengis.net/sensorML/2.0/core.xsd]
[schemas.opengis.net/sensorML/2.0/physical_component.xsd]
[schemas.opengis.net/sensorML/2.0/physical_system.xsd]
[schemas.opengis.net/sensorML/2.0/sensorML.xsd]
[schemas.opengis.net/sensorML/2.0/simple_process.xsd]
[schemas.opengis.net/sensorML/2.0/index.html]
[schemas.opengis.net/sensorML/indexb70a.html]
[schemas.opengis.net/sensorML/index72c9.html]
[schemas.opengis.net/sensorML/index5851.html]
[schemas.opengis.net/sensorML/indexad3f.html]
[schemas.opengis.net/sensorML/1.0.0/indexc052.html]
[schemas.opengis.net/sensorML/1.0.0/indexf8a0.html]
[schemas.opengis.net/sensorML/1.0.0/indexbfec.html]
[schemas.opengis.net/sensorML/1.0.0/index30b5.html]
[schemas.opengis.net/sensorML/1.0.0/indexb70a.html]
[schemas.opengis.net/sensorML/1.0.0/index72c9.html]
[schemas.opengis.net/sensorML/1.0.1/indexc052.html]
[schemas.opengis.net/sensorML/1.0.1/indexf8a0.html]
[schemas.opengis.net/sensorML/1.0.0/index5851.html]
[schemas.opengis.net/sensorML/1.0.0/indexad3f.html]
[schemas.opengis.net/sensorML/1.0.1/index72c9.html]
[schemas.opengis.net/sensorML/1.0.1/indexb70a.html]
[schemas.opengis.net/sensorML/1.0.1/indexbfec.html]
[schemas.opengis.net/sensorML/1.0.1/index30b5.html]
[schemas.opengis.net/sensorML/2.0/indexc052.html]
[schemas.opengis.net/sensorML/2.0/indexf8a0.html]
[schemas.opengis.net/sensorML/1.0.1/index5851.html]
[schemas.opengis.net/sensorML/1.0.1/indexad3f.html]
[schemas.opengis.net/sensorML/2.0/indexb70a.html]
[schemas.opengis.net/sensorML/2.0/index72c9.html]
[schemas.opengis.net/sensorML/2.0/indexbfec.html]
[schemas.opengis.net/sensorML/2.0/index30b5.html]
[schemas.opengis.net/sensorML/2.0/aggregate_process.html]
[schemas.opengis.net/sensorML/2.0/configuration.html]
[schemas.opengis.net/sensorML/2.0/core.html]
[schemas.opengis.net/sensorML/2.0/physical_component.html]
[schemas.opengis.net/sensorML/2.0/physical_system.html]
[schemas.opengis.net/sensorML/2.0/simple_process.html]
[schemas.opengis.net/sensorML/1.0.0/indexb70a.html]
[schemas.opengis.net/sensorML/1.0.0/index72c9.html]
[schemas.opengis.net/sensorML/1.0.0/index5851.html]
[schemas.opengis.net/sensorML/1.0.0/indexad3f.html]
[schemas.opengis.net/sensorML/1.0.1/indexb70a.html]
[schemas.opengis.net/sensorML/1.0.1/index72c9.html]
[schemas.opengis.net/sensorML/1.0.1/index5851.html]
[schemas.opengis.net/sensorML/1.0.1/indexad3f.html]
[schemas.opengis.net/sensorML/2.0/indexb70a.html]
[schemas.opengis.net/sensorML/2.0/index72c9.html]
[schemas.opengis.net/sensorML/2.0/index5851.html]
[schemas.opengis.net/sensorML/2.0/indexad3f.html]
[schemas.opengis.net/sensorML/2.0/index5851.html]
[schemas.opengis.net/sensorML/2.0/indexad3f.html]
